2025-01-21 22:48:17,234 - INFO - Best product to buy: None
2025-01-21 22:48:17,417 - INFO - Best product to buy: None
2025-01-21 22:48:17,577 - INFO - Best product to buy: None
2025-01-21 22:48:17,729 - INFO - Best product to buy: None
2025-01-21 22:48:17,898 - INFO - Best product to buy: None
2025-01-21 22:48:20,520 - INFO - Best product to buy: {'availabilityStatus': 'In Stock', 'category': 'groceries', 'description': 'A plant-based alternative to traditional milk, perfect for vegan diets.', 'dimensions': {'depth': 12.3, 'height': 20.6, 'width': 21.8}, 'discountPercentage': 5.5, 'id': 3, 'images': ['https://img.freepik.com/premium-vector/bottle-almond-milk-with-almonds-illustration-cartoon-drawing-artwork-vector_893055-18237.jpg'], 'meta': {'barcode': '3456789012345', 'createdAt': '2024-01-01', 'qrCode': 'https://example.com/qr-code.png', 'updatedAt': '2024-01-01'}, 'minimumOrderQuantity': 1, 'price': 3.99, 'rating': 4.8, 'returnPolicy': '7 days return policy', 'reviews': [{'comment': 'Delicious and creamy!', 'date': '2024-11-20', 'rating': 5, 'reviewerEmail': 'chris.adams@example.com', 'reviewerName': 'Chris Adams'}, {'comment': 'Good for dairy alternatives, but expensive.', 'date': '2024-12-02', 'rating': 4, 'reviewerEmail': 'dana.lee@example.com', 'reviewerName': 'Dana Lee'}], 'shippingInformation': 'Ships in 1-2 days', 'sku': 'ALMILK03', 'stock': 50, 'tags': ['dairy-free'], 'thumbnail': 'https://img.freepik.com/premium-vector/bottle-almond-milk-with-almonds-illustration-cartoon-drawing-artwork-vector_893055-18237.jpg', 'title': 'Almond Milk', 'volume': 1000, 'warrantyInformation': 'No warranty'}
2025-01-21 22:48:20,591 - INFO - Best product to buy: {'availabilityStatus': 'In Stock', 'category': 'groceries', 'description': 'A plant-based alternative to traditional milk, perfect for vegan diets.', 'dimensions': {'depth': 12.3, 'height': 20.6, 'width': 21.8}, 'discountPercentage': 5.5, 'id': 3, 'images': ['https://img.freepik.com/premium-vector/bottle-almond-milk-with-almonds-illustration-cartoon-drawing-artwork-vector_893055-18237.jpg'], 'meta': {'barcode': '3456789012345', 'createdAt': '2024-01-01', 'qrCode': 'https://example.com/qr-code.png', 'updatedAt': '2024-01-01'}, 'minimumOrderQuantity': 1, 'price': 3.99, 'rating': 4.8, 'returnPolicy': '7 days return policy', 'reviews': [{'comment': 'Delicious and creamy!', 'date': '2024-11-20', 'rating': 5, 'reviewerEmail': 'chris.adams@example.com', 'reviewerName': 'Chris Adams'}, {'comment': 'Good for dairy alternatives, but expensive.', 'date': '2024-12-02', 'rating': 4, 'reviewerEmail': 'dana.lee@example.com', 'reviewerName': 'Dana Lee'}], 'shippingInformation': 'Ships in 1-2 days', 'sku': 'ALMILK03', 'stock': 50, 'tags': ['dairy-free'], 'thumbnail': 'https://img.freepik.com/premium-vector/bottle-almond-milk-with-almonds-illustration-cartoon-drawing-artwork-vector_893055-18237.jpg', 'title': 'Almond Milk', 'volume': 1000, 'warrantyInformation': 'No warranty'}
2025-01-21 22:48:20,612 - INFO - Best product to buy: {'availabilityStatus': 'In Stock', 'category': 'groceries', 'description': 'A plant-based alternative to traditional milk, perfect for vegan diets.', 'dimensions': {'depth': 12.3, 'height': 20.6, 'width': 21.8}, 'discountPercentage': 5.5, 'id': 3, 'images': ['https://img.freepik.com/premium-vector/bottle-almond-milk-with-almonds-illustration-cartoon-drawing-artwork-vector_893055-18237.jpg'], 'meta': {'barcode': '3456789012345', 'createdAt': '2024-01-01', 'qrCode': 'https://example.com/qr-code.png', 'updatedAt': '2024-01-01'}, 'minimumOrderQuantity': 1, 'price': 3.99, 'rating': 4.8, 'returnPolicy': '7 days return policy', 'reviews': [{'comment': 'Delicious and creamy!', 'date': '2024-11-20', 'rating': 5, 'reviewerEmail': 'chris.adams@example.com', 'reviewerName': 'Chris Adams'}, {'comment': 'Good for dairy alternatives, but expensive.', 'date': '2024-12-02', 'rating': 4, 'reviewerEmail': 'dana.lee@example.com', 'reviewerName': 'Dana Lee'}], 'shippingInformation': 'Ships in 1-2 days', 'sku': 'ALMILK03', 'stock': 50, 'tags': ['dairy-free'], 'thumbnail': 'https://img.freepik.com/premium-vector/bottle-almond-milk-with-almonds-illustration-cartoon-drawing-artwork-vector_893055-18237.jpg', 'title': 'Almond Milk', 'volume': 1000, 'warrantyInformation': 'No warranty'}
2025-01-21 22:48:20,702 - INFO - Best product to buy: {'availabilityStatus': 'In Stock', 'category': 'groceries', 'description': 'A plant-based alternative to traditional milk, perfect for vegan diets.', 'dimensions': {'depth': 12.3, 'height': 20.6, 'width': 21.8}, 'discountPercentage': 5.5, 'id': 3, 'images': ['https://img.freepik.com/premium-vector/bottle-almond-milk-with-almonds-illustration-cartoon-drawing-artwork-vector_893055-18237.jpg'], 'meta': {'barcode': '3456789012345', 'createdAt': '2024-01-01', 'qrCode': 'https://example.com/qr-code.png', 'updatedAt': '2024-01-01'}, 'minimumOrderQuantity': 1, 'price': 3.99, 'rating': 4.8, 'returnPolicy': '7 days return policy', 'reviews': [{'comment': 'Delicious and creamy!', 'date': '2024-11-20', 'rating': 5, 'reviewerEmail': 'chris.adams@example.com', 'reviewerName': 'Chris Adams'}, {'comment': 'Good for dairy alternatives, but expensive.', 'date': '2024-12-02', 'rating': 4, 'reviewerEmail': 'dana.lee@example.com', 'reviewerName': 'Dana Lee'}], 'shippingInformation': 'Ships in 1-2 days', 'sku': 'ALMILK03', 'stock': 50, 'tags': ['dairy-free'], 'thumbnail': 'https://img.freepik.com/premium-vector/bottle-almond-milk-with-almonds-illustration-cartoon-drawing-artwork-vector_893055-18237.jpg', 'title': 'Almond Milk', 'volume': 1000, 'warrantyInformation': 'No warranty'}
2025-01-21 22:48:20,755 - INFO - Best product to buy: {'availabilityStatus': 'In Stock', 'category': 'groceries', 'description': 'A plant-based alternative to traditional milk, perfect for vegan diets.', 'dimensions': {'depth': 12.3, 'height': 20.6, 'width': 21.8}, 'discountPercentage': 5.5, 'id': 3, 'images': ['https://img.freepik.com/premium-vector/bottle-almond-milk-with-almonds-illustration-cartoon-drawing-artwork-vector_893055-18237.jpg'], 'meta': {'barcode': '3456789012345', 'createdAt': '2024-01-01', 'qrCode': 'https://example.com/qr-code.png', 'updatedAt': '2024-01-01'}, 'minimumOrderQuantity': 1, 'price': 3.99, 'rating': 4.8, 'returnPolicy': '7 days return policy', 'reviews': [{'comment': 'Delicious and creamy!', 'date': '2024-11-20', 'rating': 5, 'reviewerEmail': 'chris.adams@example.com', 'reviewerName': 'Chris Adams'}, {'comment': 'Good for dairy alternatives, but expensive.', 'date': '2024-12-02', 'rating': 4, 'reviewerEmail': 'dana.lee@example.com', 'reviewerName': 'Dana Lee'}], 'shippingInformation': 'Ships in 1-2 days', 'sku': 'ALMILK03', 'stock': 50, 'tags': ['dairy-free'], 'thumbnail': 'https://img.freepik.com/premium-vector/bottle-almond-milk-with-almonds-illustration-cartoon-drawing-artwork-vector_893055-18237.jpg', 'title': 'Almond Milk', 'volume': 1000, 'warrantyInformation': 'No warranty'}
2025-01-21 22:54:56,943 - INFO - Best product to buy: {'availabilityStatus': 'In Stock', 'category': 'groceries', 'description': 'A plant-based alternative to traditional milk, perfect for vegan diets.', 'dimensions': {'depth': 12.3, 'height': 20.6, 'width': 21.8}, 'discountPercentage': 5.5, 'id': 3, 'images': ['https://img.freepik.com/premium-vector/bottle-almond-milk-with-almonds-illustration-cartoon-drawing-artwork-vector_893055-18237.jpg'], 'meta': {'barcode': '3456789012345', 'createdAt': '2024-01-01', 'qrCode': 'https://example.com/qr-code.png', 'updatedAt': '2024-01-01'}, 'minimumOrderQuantity': 1, 'price': 3.99, 'rating': 4.8, 'returnPolicy': '7 days return policy', 'reviews': [{'comment': 'Delicious and creamy!', 'date': '2024-11-20', 'rating': 5, 'reviewerEmail': 'chris.adams@example.com', 'reviewerName': 'Chris Adams'}, {'comment': 'Good for dairy alternatives, but expensive.', 'date': '2024-12-02', 'rating': 4, 'reviewerEmail': 'dana.lee@example.com', 'reviewerName': 'Dana Lee'}], 'shippingInformation': 'Ships in 1-2 days', 'sku': 'ALMILK03', 'stock': 50, 'tags': ['dairy-free'], 'thumbnail': 'https://img.freepik.com/premium-vector/bottle-almond-milk-with-almonds-illustration-cartoon-drawing-artwork-vector_893055-18237.jpg', 'title': 'Almond Milk', 'volume': 1000, 'warrantyInformation': 'No warranty'}
2025-01-21 22:55:31,759 - INFO - Best product to buy: {'availabilityStatus': 'In Stock', 'category': 'groceries', 'description': 'A plant-based alternative to traditional milk, perfect for vegan diets.', 'dimensions': {'depth': 12.3, 'height': 20.6, 'width': 21.8}, 'discountPercentage': 5.5, 'id': 3, 'images': ['https://img.freepik.com/premium-vector/bottle-almond-milk-with-almonds-illustration-cartoon-drawing-artwork-vector_893055-18237.jpg'], 'meta': {'barcode': '3456789012345', 'createdAt': '2024-01-01', 'qrCode': 'https://example.com/qr-code.png', 'updatedAt': '2024-01-01'}, 'minimumOrderQuantity': 1, 'price': 3.99, 'rating': 4.8, 'returnPolicy': '7 days return policy', 'reviews': [{'comment': 'Delicious and creamy!', 'date': '2024-11-20', 'rating': 5, 'reviewerEmail': 'chris.adams@example.com', 'reviewerName': 'Chris Adams'}, {'comment': 'Good for dairy alternatives, but expensive.', 'date': '2024-12-02', 'rating': 4, 'reviewerEmail': 'dana.lee@example.com', 'reviewerName': 'Dana Lee'}], 'shippingInformation': 'Ships in 1-2 days', 'sku': 'ALMILK03', 'stock': 50, 'tags': ['dairy-free'], 'thumbnail': 'https://img.freepik.com/premium-vector/bottle-almond-milk-with-almonds-illustration-cartoon-drawing-artwork-vector_893055-18237.jpg', 'title': 'Almond Milk', 'volume': 1000, 'warrantyInformation': 'No warranty'}
2025-01-21 22:58:41,375 - INFO - Best product to buy: {'availabilityStatus': 'In Stock', 'category': 'groceries', 'description': 'A plant-based alternative to traditional milk, perfect for vegan diets.', 'dimensions': {'depth': 12.3, 'height': 20.6, 'width': 21.8}, 'discountPercentage': 5.5, 'id': 3, 'images': ['https://img.freepik.com/premium-vector/bottle-almond-milk-with-almonds-illustration-cartoon-drawing-artwork-vector_893055-18237.jpg'], 'meta': {'barcode': '3456789012345', 'createdAt': '2024-01-01', 'qrCode': 'https://example.com/qr-code.png', 'updatedAt': '2024-01-01'}, 'minimumOrderQuantity': 1, 'price': 3.99, 'rating': 4.8, 'returnPolicy': '7 days return policy', 'reviews': [{'comment': 'Delicious and creamy!', 'date': '2024-11-20', 'rating': 5, 'reviewerEmail': 'chris.adams@example.com', 'reviewerName': 'Chris Adams'}, {'comment': 'Good for dairy alternatives, but expensive.', 'date': '2024-12-02', 'rating': 4, 'reviewerEmail': 'dana.lee@example.com', 'reviewerName': 'Dana Lee'}], 'shippingInformation': 'Ships in 1-2 days', 'sku': 'ALMILK03', 'stock': 50, 'tags': ['dairy-free'], 'thumbnail': 'https://img.freepik.com/premium-vector/bottle-almond-milk-with-almonds-illustration-cartoon-drawing-artwork-vector_893055-18237.jpg', 'title': 'Almond Milk', 'volume': 1000, 'warrantyInformation': 'No warranty'}
2025-01-21 23:14:37,871 - INFO - Best product to buy: {'availabilityStatus': 'In Stock', 'category': 'groceries', 'description': 'A plant-based alternative to traditional milk, perfect for vegan diets.', 'dimensions': {'depth': 12.3, 'height': 20.6, 'width': 21.8}, 'discountPercentage': 5.5, 'id': 3, 'images': ['https://img.freepik.com/premium-vector/bottle-almond-milk-with-almonds-illustration-cartoon-drawing-artwork-vector_893055-18237.jpg'], 'meta': {'barcode': '3456789012345', 'createdAt': '2024-01-01', 'qrCode': 'https://example.com/qr-code.png', 'updatedAt': '2024-01-01'}, 'minimumOrderQuantity': 1, 'price': 3.99, 'rating': 4.8, 'returnPolicy': '7 days return policy', 'reviews': [{'comment': 'Delicious and creamy!', 'date': '2024-11-20', 'rating': 5, 'reviewerEmail': 'chris.adams@example.com', 'reviewerName': 'Chris Adams'}, {'comment': 'Good for dairy alternatives, but expensive.', 'date': '2024-12-02', 'rating': 4, 'reviewerEmail': 'dana.lee@example.com', 'reviewerName': 'Dana Lee'}], 'shippingInformation': 'Ships in 1-2 days', 'sku': 'ALMILK03', 'stock': 50, 'tags': ['dairy-free'], 'thumbnail': 'https://img.freepik.com/premium-vector/bottle-almond-milk-with-almonds-illustration-cartoon-drawing-artwork-vector_893055-18237.jpg', 'title': 'Almond Milk', 'volume': 1000, 'warrantyInformation': 'No warranty'}
2025-01-21 23:14:40,521 - INFO - Generated email: Subject: Negotiation and Inquiry for Almond Milk Purchase

Dear [Supplier's Name],

I hope this email finds you well. I am reaching out to you on behalf of [Your Company Name] to discuss the potential purchase of Almond Milk from your esteemed organization. We are interested in acquiring a high-quality product that meets our standards, and your company has been identified as a reliable supplier.

Initially, we are considering purchasing a quantity of 1 unit of Almond Milk, for which we were quoted a price of $3.99 per unit. We appreciate the currently offered discount and would like to explore possibilities for further discounts. If we were to double the quantity to 2 units, could you please provide details on how much the discount could be increased? We are eager to understand the potential savings and benefits of purchasing in larger quantities.

In addition to the pricing, we would like to inquire about the following aspects of our potential partnership:

1. **Payment Terms**: Are there any discounts available for early payment or extended payment schedules? We are interested in understanding the flexibility of your payment terms and how they can be tailored to meet our business needs.
2. **Lead Time and Shipping**: What is the standard lead time for delivery, and are there options for expedited shipping if required? We want to ensure that our inventory is replenished in a timely manner to meet our customer demands.
3. **Bulk Purchase Incentives**: Are there any bulk purchase incentives or other benefits that your company offers for long-term partnerships? We are interested in exploring opportunities for collaboration and mutual growth.

We are keen to establish a collaborative business relationship with your organization and believe that open communication is essential for a successful partnership. We would appreciate it if you could provide a detailed response regarding the updated terms and conditions, including any potential discounts, payment terms, and shipping options.

Please feel free to contact us if you require any additional information from our end. We look forward to your prompt response and to the possibility of working together.

Thank you for your time and consideration.

Best regards,

[Your Name]
[Your Title]
[Your Company Name]
[Your Contact Information]
2025-01-21 23:30:56,104 - INFO - Best product to buy: {'availabilityStatus': 'In Stock', 'category': 'groceries', 'description': 'A plant-based alternative to traditional milk, perfect for vegan diets.', 'dimensions': {'depth': 12.3, 'height': 20.6, 'width': 21.8}, 'discountPercentage': 5.5, 'id': 3, 'images': ['https://img.freepik.com/premium-vector/bottle-almond-milk-with-almonds-illustration-cartoon-drawing-artwork-vector_893055-18237.jpg'], 'meta': {'barcode': '3456789012345', 'createdAt': '2024-01-01', 'qrCode': 'https://example.com/qr-code.png', 'updatedAt': '2024-01-01'}, 'minimumOrderQuantity': 1, 'price': 3.99, 'rating': 4.8, 'returnPolicy': '7 days return policy', 'reviews': [{'comment': 'Delicious and creamy!', 'date': '2024-11-20', 'rating': 5, 'reviewerEmail': 'chris.adams@example.com', 'reviewerName': 'Chris Adams'}, {'comment': 'Good for dairy alternatives, but expensive.', 'date': '2024-12-02', 'rating': 4, 'reviewerEmail': 'dana.lee@example.com', 'reviewerName': 'Dana Lee'}], 'shippingInformation': 'Ships in 1-2 days', 'sku': 'ALMILK03', 'stock': 50, 'tags': ['dairy-free'], 'thumbnail': 'https://img.freepik.com/premium-vector/bottle-almond-milk-with-almonds-illustration-cartoon-drawing-artwork-vector_893055-18237.jpg', 'title': 'Almond Milk', 'volume': 1000, 'warrantyInformation': 'No warranty'}
2025-01-21 23:30:58,545 - INFO - Generated email: Subject: Negotiation and Inquiry for Almond Milk Purchase

Dear Dummy Supplier Team,

I hope this email finds you well. My name is [Your Name] and I am reaching out on behalf of BuyGenix, a subsidiary of Team Pentapower. We are interested in establishing a collaborative business relationship with your esteemed organization for the procurement of Almond Milk.

We are currently considering purchasing 1 unit of Almond Milk, for which we have been quoted a price of $3.99 per unit. We appreciate the current discount offered and would like to inquire about potential opportunities for further discounts. Specifically, if we were to double our intended quantity to 2 units, could you kindly provide details on how much the discount could be increased?

In addition to the pricing, we would like to discuss the following aspects of our potential partnership:

1. **Payment Terms**: We are interested in understanding your payment terms, including any discounts available for early payment or options for extended payment schedules.
2. **Lead Time and Shipping**: Could you please inform us about the standard lead time for delivery and whether there are options available for expedited shipping? If so, what would be the associated costs?
3. **Bulk Purchase Incentives**: We are eager to explore bulk purchase incentives or other benefits that your organization offers for long-term partnerships. We believe that establishing a strong and collaborative relationship would be mutually beneficial and contribute to the growth of both our businesses.

We value transparency and open communication in our business relationships. Therefore, we would appreciate it if you could provide a detailed response regarding the updated terms and conditions, including any potential discounts, payment terms, and shipping options.

Our contact information is as follows:
BuyGenix,
Team Pentapower,
Tel: 0770042188

We look forward to the opportunity to work together and explore the possibilities of a fruitful partnership. Please do not hesitate to contact us if you require any additional information from our end.

Thank you for your time and consideration, and we eagerly await your response.

Best regards,

[Your Name]
BuyGenix, Team Pentapower
0770042188
2025-01-21 23:33:45,247 - INFO - Best product to buy: {'availabilityStatus': 'In Stock', 'category': 'groceries', 'description': 'A plant-based alternative to traditional milk, perfect for vegan diets.', 'dimensions': {'depth': 12.3, 'height': 20.6, 'width': 21.8}, 'discountPercentage': 5.5, 'id': 3, 'images': ['https://img.freepik.com/premium-vector/bottle-almond-milk-with-almonds-illustration-cartoon-drawing-artwork-vector_893055-18237.jpg'], 'meta': {'barcode': '3456789012345', 'createdAt': '2024-01-01', 'qrCode': 'https://example.com/qr-code.png', 'updatedAt': '2024-01-01'}, 'minimumOrderQuantity': 1, 'price': 3.99, 'rating': 4.8, 'returnPolicy': '7 days return policy', 'reviews': [{'comment': 'Delicious and creamy!', 'date': '2024-11-20', 'rating': 5, 'reviewerEmail': 'chris.adams@example.com', 'reviewerName': 'Chris Adams'}, {'comment': 'Good for dairy alternatives, but expensive.', 'date': '2024-12-02', 'rating': 4, 'reviewerEmail': 'dana.lee@example.com', 'reviewerName': 'Dana Lee'}], 'shippingInformation': 'Ships in 1-2 days', 'sku': 'ALMILK03', 'stock': 50, 'tags': ['dairy-free'], 'thumbnail': 'https://img.freepik.com/premium-vector/bottle-almond-milk-with-almonds-illustration-cartoon-drawing-artwork-vector_893055-18237.jpg', 'title': 'Almond Milk', 'volume': 1000, 'warrantyInformation': 'No warranty'}
2025-01-21 23:33:47,367 - INFO - Generated email: Subject: Negotiation and Inquiry for Almond Milk Purchase

Dear Dummy Supplier,

I hope this email finds you well. I am reaching out on behalf of BuyGenix, Team Pentapower, to express our interest in purchasing Almond Milk from your esteemed organization. We are considering an initial order of 1 unit, for which we were quoted a price of $3.99 per unit.

We were pleased to note that you are currently offering a discount on this product. We would like to inquire about the possibility of increasing this discount if we were to double our order quantity to 2 units. Could you kindly provide us with more information on how much the discount could be increased for a larger purchase?

In addition to the pricing, we would appreciate it if you could provide us with more details on the following aspects:

We would like to know more about your payment terms, including any discounts available for early payment or options for extended payment schedules. 

We are also interested in learning about the lead time for delivery and whether there are options for expedited shipping, should we require a faster delivery.

Furthermore, we are keen to explore the possibility of establishing a long-term partnership with your organization. Could you please inform us about any bulk purchase incentives or other benefits that you offer to loyal customers?

We are excited about the prospect of working with your team and believe that a collaborative business relationship would be mutually beneficial. We look forward to hearing back from you with a detailed response regarding the updated terms and conditions.

Please feel free to contact us at 0770042188 if you require any additional information from our end.

Thank you for your time and consideration, and we look forward to the opportunity to work together.

Best regards,
BuyGenix, Team Pentapower
Tel: 0770042188
2025-01-21 23:56:06,390 - INFO - Best product to buy: {'availabilityStatus': 'In Stock', 'category': 'groceries', 'description': 'A plant-based alternative to traditional milk, perfect for vegan diets.', 'dimensions': {'depth': 12.3, 'height': 20.6, 'width': 21.8}, 'discountPercentage': 5.5, 'id': 3, 'images': ['https://img.freepik.com/premium-vector/bottle-almond-milk-with-almonds-illustration-cartoon-drawing-artwork-vector_893055-18237.jpg'], 'meta': {'barcode': '3456789012345', 'createdAt': '2024-01-01', 'qrCode': 'https://example.com/qr-code.png', 'updatedAt': '2024-01-01'}, 'minimumOrderQuantity': 1, 'price': 3.99, 'rating': 4.8, 'returnPolicy': '7 days return policy', 'reviews': [{'comment': 'Delicious and creamy!', 'date': '2024-11-20', 'rating': 5, 'reviewerEmail': 'chris.adams@example.com', 'reviewerName': 'Chris Adams'}, {'comment': 'Good for dairy alternatives, but expensive.', 'date': '2024-12-02', 'rating': 4, 'reviewerEmail': 'dana.lee@example.com', 'reviewerName': 'Dana Lee'}], 'shippingInformation': 'Ships in 1-2 days', 'sku': 'ALMILK03', 'stock': 50, 'tags': ['dairy-free'], 'thumbnail': 'https://img.freepik.com/premium-vector/bottle-almond-milk-with-almonds-illustration-cartoon-drawing-artwork-vector_893055-18237.jpg', 'title': 'Almond Milk', 'volume': 1000, 'warrantyInformation': 'No warranty'}
2025-01-21 23:56:08,581 - INFO - Generated email: Subject: Negotiation for Purchasing Almond Milk and Establishing a Partnership

Dear Dummy Supplier,

I hope this email finds you well. I am reaching out from BuyGenix, Team Pentapower, to express our interest in purchasing Almond Milk from your esteemed company. We are considering an initial order of 1 unit, for which the quoted price is $3.99 per unit.

We were pleased to note that you are currently offering a discount. We would like to inquire about the possibility of increasing this discount if we were to double our order to 2 units. Could you please provide us with more information on how much the discount could be increased for a larger quantity purchase?

In addition to the pricing, we would appreciate it if you could provide us with more details on your payment terms. Specifically, we are interested in knowing if there are any discounts available for early payment or if you offer extended payment schedules. This information will help us to better plan our procurement and financial arrangements.

We are also curious about the lead time for delivery and whether there are any options for expedited shipping. Understanding your shipping policies and timelines will enable us to plan our logistics and inventory management more effectively.

As we are interested in establishing a collaborative business relationship, we would like to inquire about any bulk purchase incentives or other benefits that you may offer for long-term partnerships. We believe that a mutually beneficial agreement could lead to a successful and sustainable business collaboration.

We appreciate your time and consideration, and we look forward to hearing back from you with detailed information regarding the updated terms and conditions. Please feel free to contact us if you require any additional information from our end.

Thank you for your attention to this matter, and we eagerly await your response.

Best regards,

BuyGenix
Team Pentapower
Tel: 0770042188
2025-01-21 23:57:48,359 - INFO - Best product to buy: {'availabilityStatus': 'In Stock', 'category': 'groceries', 'description': 'A plant-based alternative to traditional milk, perfect for vegan diets.', 'dimensions': {'depth': 12.3, 'height': 20.6, 'width': 21.8}, 'discountPercentage': 5.5, 'id': 3, 'images': ['https://img.freepik.com/premium-vector/bottle-almond-milk-with-almonds-illustration-cartoon-drawing-artwork-vector_893055-18237.jpg'], 'meta': {'barcode': '3456789012345', 'createdAt': '2024-01-01', 'qrCode': 'https://example.com/qr-code.png', 'updatedAt': '2024-01-01'}, 'minimumOrderQuantity': 1, 'price': 3.99, 'rating': 4.8, 'returnPolicy': '7 days return policy', 'reviews': [{'comment': 'Delicious and creamy!', 'date': '2024-11-20', 'rating': 5, 'reviewerEmail': 'chris.adams@example.com', 'reviewerName': 'Chris Adams'}, {'comment': 'Good for dairy alternatives, but expensive.', 'date': '2024-12-02', 'rating': 4, 'reviewerEmail': 'dana.lee@example.com', 'reviewerName': 'Dana Lee'}], 'shippingInformation': 'Ships in 1-2 days', 'sku': 'ALMILK03', 'stock': 50, 'tags': ['dairy-free'], 'thumbnail': 'https://img.freepik.com/premium-vector/bottle-almond-milk-with-almonds-illustration-cartoon-drawing-artwork-vector_893055-18237.jpg', 'title': 'Almond Milk', 'volume': 1000, 'warrantyInformation': 'No warranty'}
2025-01-21 23:57:54,565 - INFO - Generated email: Subject: Negotiation for Almond Milk Purchase and Potential Partnership Opportunities

Dear Dummy Supplier Team,

I hope this email finds you well. I am reaching out on behalf of BuyGenix, Team Pentapower, to express our interest in purchasing Almond Milk from your esteemed company. We are initially considering an order of 1 unit, for which we were quoted a price of $3.99 per unit.

We have been informed of a currently offered discount, and we would like to inquire about the possibility of increasing this discount if we were to double our order to 2 units. Could you please provide us with more details on the potential discount we could receive for a larger quantity purchase?

In addition to the pricing, we would also appreciate information on your payment terms. Are there any discounts available for early payment, or can you offer extended payment schedules? We are interested in exploring flexible payment options that could benefit both our companies.

Regarding logistics, could you please inform us about the lead time for delivery? Are there any options for expedited shipping, and if so, what are the associated costs? We would like to ensure a timely and efficient delivery process.

As we consider establishing a long-term partnership with your company, we would like to inquire about any bulk purchase incentives or other benefits that you may offer. Are there any special programs or discounts available for loyal customers or large-volume purchases?

We are keen to establish a collaborative business relationship with your company and believe that our mutual interests could lead to a successful and prosperous partnership. We would appreciate a detailed response regarding the updated terms and conditions, including any potential discounts, payment terms, and delivery options.

Thank you for your time and consideration. We look forward to hearing from you soon.

Please feel free to contact us at 0770042188 if you require any additional information.

Best regards,
BuyGenix, Team Pentapower
Tel: 0770042188
2025-01-21 23:58:00,358 - INFO - Extracted details: {'product_name': 'Almond Milk', 'quoted_price_per_unit': 3.99, 'quantity': 1, 'current_discount': 5, 'discount_for_double_quantity': 10, 'payment_terms': '2% discount for payments within 10 days, standard 30 days', 'lead_time': 7, 'expedited_shipping': '$10 for 3-day delivery', 'bulk_incentives': 'Additional discounts or benefits like free shipping for orders of 10 units or more'}
2025-01-22 00:07:58,860 - INFO - Best product to buy: {'availabilityStatus': 'In Stock', 'category': 'groceries', 'description': 'A plant-based alternative to traditional milk, perfect for vegan diets.', 'dimensions': {'depth': 12.3, 'height': 20.6, 'width': 21.8}, 'discountPercentage': 5.5, 'id': 3, 'images': ['https://img.freepik.com/premium-vector/bottle-almond-milk-with-almonds-illustration-cartoon-drawing-artwork-vector_893055-18237.jpg'], 'meta': {'barcode': '3456789012345', 'createdAt': '2024-01-01', 'qrCode': 'https://example.com/qr-code.png', 'updatedAt': '2024-01-01'}, 'minimumOrderQuantity': 1, 'price': 3.99, 'rating': 4.8, 'returnPolicy': '7 days return policy', 'reviews': [{'comment': 'Delicious and creamy!', 'date': '2024-11-20', 'rating': 5, 'reviewerEmail': 'chris.adams@example.com', 'reviewerName': 'Chris Adams'}, {'comment': 'Good for dairy alternatives, but expensive.', 'date': '2024-12-02', 'rating': 4, 'reviewerEmail': 'dana.lee@example.com', 'reviewerName': 'Dana Lee'}], 'shippingInformation': 'Ships in 1-2 days', 'sku': 'ALMILK03', 'stock': 50, 'tags': ['dairy-free'], 'thumbnail': 'https://img.freepik.com/premium-vector/bottle-almond-milk-with-almonds-illustration-cartoon-drawing-artwork-vector_893055-18237.jpg', 'title': 'Almond Milk', 'volume': 1000, 'warrantyInformation': 'No warranty'}
2025-01-22 00:08:01,191 - INFO - Generated email: Subject: Negotiation and Inquiry for Almond Milk Purchase

Dear Dummy Supplier,

I hope this email finds you well. My team at Team Pentapower, BuyGenix, is interested in establishing a collaborative business relationship with your esteemed organization. We are writing to negotiate the terms for purchasing Almond Milk from your company.

Initially, we are considering an order of 1 unit of Almond Milk, for which we were quoted a price of $3.99 per unit. We appreciate the currently offered discount and would like to inquire about the possibility of increasing this discount if we were to double our order quantity to 2 units. Could you please provide us with more information on how much the discount could be increased if we proceed with the larger order?

In addition to the pricing, we would like to discuss the payment terms for this purchase. Are there any discounts available for early payment, or can we negotiate an extended payment schedule? We are also interested in understanding the lead time for delivery and whether there are options for expedited shipping, should we require it.

As we are looking to establish a long-term partnership, we would appreciate information on any bulk purchase incentives or other benefits that your company offers. We believe that a collaborative relationship would be mutually beneficial and are eager to explore ways in which we can work together.

We would appreciate a detailed response regarding the updated terms and conditions, including any potential discounts, payment terms, and delivery schedules. We are confident that your company can provide us with the high-quality products and services we require, and we look forward to the opportunity to work together.

Please feel free to contact us at 0770042188 if you require any additional information or would like to discuss this further.

Thank you for your time and consideration. We look forward to hearing from you soon.

Best regards,
BuyGenix,
Team Pentapower,
Tel: 0770042188
2025-01-22 00:08:02,354 - INFO - Extracted details: {'product_name': 'Almond Milk', 'quoted_price_per_unit': 3.99, 'quantity': 1, 'current_discount': 5, 'discount_for_double_quantity': 10, 'payment_terms': '2% discount for payments within 10 days, standard payment terms are 30 days', 'lead_time': 7, 'expedited_shipping': 'available for an extra $10, delivery in 3 days', 'bulk_incentives': 'additional discounts or benefits like free shipping for orders of 10 units or more'}
2025-01-22 00:08:52,372 - INFO - Best product to buy: {'availabilityStatus': 'In Stock', 'category': 'groceries', 'description': 'A plant-based alternative to traditional milk, perfect for vegan diets.', 'dimensions': {'depth': 12.3, 'height': 20.6, 'width': 21.8}, 'discountPercentage': 5.5, 'id': 3, 'images': ['https://img.freepik.com/premium-vector/bottle-almond-milk-with-almonds-illustration-cartoon-drawing-artwork-vector_893055-18237.jpg'], 'meta': {'barcode': '3456789012345', 'createdAt': '2024-01-01', 'qrCode': 'https://example.com/qr-code.png', 'updatedAt': '2024-01-01'}, 'minimumOrderQuantity': 1, 'price': 3.99, 'rating': 4.8, 'returnPolicy': '7 days return policy', 'reviews': [{'comment': 'Delicious and creamy!', 'date': '2024-11-20', 'rating': 5, 'reviewerEmail': 'chris.adams@example.com', 'reviewerName': 'Chris Adams'}, {'comment': 'Good for dairy alternatives, but expensive.', 'date': '2024-12-02', 'rating': 4, 'reviewerEmail': 'dana.lee@example.com', 'reviewerName': 'Dana Lee'}], 'shippingInformation': 'Ships in 1-2 days', 'sku': 'ALMILK03', 'stock': 50, 'tags': ['dairy-free'], 'thumbnail': 'https://img.freepik.com/premium-vector/bottle-almond-milk-with-almonds-illustration-cartoon-drawing-artwork-vector_893055-18237.jpg', 'title': 'Almond Milk', 'volume': 1000, 'warrantyInformation': 'No warranty'}
2025-01-22 00:08:56,077 - INFO - Generated email: Subject: Negotiation and Inquiry for Almond Milk Purchase

Dear Dummy Supplier,

I hope this email finds you well. I am reaching out on behalf of BuyGenix, Team Pentapower, to express our interest in purchasing Almond Milk from your esteemed company. We are currently considering an initial order of 1 unit, for which we were quoted a price of $3.99 per unit.

We appreciate the currently offered discount and would like to explore the possibility of increasing it if we were to double our order to 2 units. Could you please provide us with details on how much the discount could be increased if we were to place a larger order?

In addition to the pricing, we would like to inquire about your payment terms. Are there any discounts available for early payment or options for extended payment schedules? We are also interested in knowing the lead time for delivery and whether there are options for expedited shipping if required.

As we are looking to establish a long-term partnership, we would like to know if there are any bulk purchase incentives or other benefits that you offer to your valued customers. We believe that a collaborative business relationship would be mutually beneficial and would like to explore all available options.

We would appreciate it if you could provide us with a detailed response regarding the updated terms and conditions, including any potential discounts, payment terms, and delivery options. Your prompt response will enable us to make an informed decision and move forward with our purchase.

Thank you for your time and consideration. We look forward to hearing from you soon and establishing a successful business relationship.

Please do not hesitate to contact us at 0770042188 if you require any additional information.

Best regards,
BuyGenix, Team Pentapower
Tel: 0770042188
2025-01-22 00:08:57,885 - INFO - Extracted details: {'product_name': 'Almond Milk', 'quoted_price_per_unit': 3.99, 'quantity': 1, 'current_discount': 5, 'discount_for_double_quantity': 10, 'payment_terms': '2% discount for payments within 10 days, standard payment terms are 30 days', 'lead_time': '7 business days', 'expedited_shipping': 'available for an extra $10, delivered within 3 days', 'bulk_incentives': 'additional discounts or benefits like free shipping for orders of 10 units or more'}
2025-01-22 00:13:12,532 - INFO - Best product to buy: {'availabilityStatus': 'In Stock', 'category': 'groceries', 'description': 'A plant-based alternative to traditional milk, perfect for vegan diets.', 'dimensions': {'depth': 12.3, 'height': 20.6, 'width': 21.8}, 'discountPercentage': 5.5, 'id': 3, 'images': ['https://img.freepik.com/premium-vector/bottle-almond-milk-with-almonds-illustration-cartoon-drawing-artwork-vector_893055-18237.jpg'], 'meta': {'barcode': '3456789012345', 'createdAt': '2024-01-01', 'qrCode': 'https://example.com/qr-code.png', 'updatedAt': '2024-01-01'}, 'minimumOrderQuantity': 1, 'price': 3.99, 'rating': 4.8, 'returnPolicy': '7 days return policy', 'reviews': [{'comment': 'Delicious and creamy!', 'date': '2024-11-20', 'rating': 5, 'reviewerEmail': 'chris.adams@example.com', 'reviewerName': 'Chris Adams'}, {'comment': 'Good for dairy alternatives, but expensive.', 'date': '2024-12-02', 'rating': 4, 'reviewerEmail': 'dana.lee@example.com', 'reviewerName': 'Dana Lee'}], 'shippingInformation': 'Ships in 1-2 days', 'sku': 'ALMILK03', 'stock': 50, 'tags': ['dairy-free'], 'thumbnail': 'https://img.freepik.com/premium-vector/bottle-almond-milk-with-almonds-illustration-cartoon-drawing-artwork-vector_893055-18237.jpg', 'title': 'Almond Milk', 'volume': 1000, 'warrantyInformation': 'No warranty'}
2025-01-22 00:13:14,964 - INFO - Generated email: Subject: Negotiation and Inquiry for Almond Milk Purchase

Dear Dummy Supplier,

I hope this email finds you well. I am reaching out on behalf of BuyGenix, Team Pentapower, to express our interest in purchasing Almond Milk from your esteemed organization. We are currently considering an initial order of 1 unit, for which we were quoted a price of $3.99 per unit.

We were pleased to note that you are currently offering a discount, and we would like to inquire about the possibility of increasing this discount if we were to double our initial order to 2 units. Could you please provide us with more information on how much the discount could be increased if we were to proceed with a larger quantity?

In addition to the pricing, we would appreciate it if you could provide us with more details on your payment terms. Are there any discounts available for early payment or options for extended payment schedules that we could explore?

We are also interested in understanding the lead time for delivery and whether there are options for expedited shipping available. This information will be crucial in helping us plan our inventory management and ensure a smooth supply chain.

As we are looking to establish a collaborative business relationship with your organization, we would like to inquire about any bulk purchase incentives or other benefits that you may offer for long-term partnerships. We believe that a mutually beneficial relationship could lead to significant growth and success for both our companies.

We would appreciate a detailed response regarding the updated terms and conditions, including any discounts, payment terms, and delivery schedules that we can expect. We are confident that your organization can provide us with the high-quality products and excellent service that we require, and we look forward to the possibility of working together.

Please do not hesitate to contact us if you require any further information or clarification. You can reach us at 0770042188.

Thank you for considering our inquiry, and we look forward to your prompt response.

Best regards,
BuyGenix, Team Pentapower
Tel: 0770042188
2025-01-22 00:13:15,955 - INFO - Extracted details: {'product_name': 'Almond Milk', 'quoted_price_per_unit': 3.99, 'quantity': 1, 'current_discount': 5, 'discount_for_double_quantity': 10, 'payment_terms': '2% discount for payments within 10 days, standard payment terms are 30 days', 'lead_time': 7, 'expedited_shipping': {'availability': True, 'terms': '3 days, extra $10'}, 'bulk_incentives': 'additional discounts or benefits like free shipping for orders of 10 units or more'}
